// Jest Snapshot v1, https://goo.gl/fbAQLP

exports[`<App /> should render and match the snapshot 1`] = `
  <div className="App">
      <Provider store={store}>
        <TableContainer />
      </Provider>
    </div>
`;
